src/Product-Page-Demo-main/Dashboards/AdminDashboard.tsx(151,10): error TS17008: JSX element 'Tabs' has no corresponding closing tag.
src/Product-Page-Demo-main/Dashboards/BrokerDashboard.tsx(175,6): error TS17008: JSX element 'div' has no corresponding closing tag.
src/Product-Page-Demo-main/Dashboards/BrokerDashboard.tsx(1014,16): error TS1005: '</' expected.
src/Product-Page-Demo-main/Dashboards/components/admin/upgradeRequest.tsx(1,14): error TS1005: ';' expected.
src/Product-Page-Demo-main/Dashboards/components/admin/upgradeRequest.tsx(1,15): error TS1128: Declaration or statement expected.
src/Product-Page-Demo-main/Dashboards/components/admin/upgradeRequest.tsx(1,41): error TS1005: ',' expected.
src/Product-Page-Demo-main/Dashboards/components/admin/upgradeRequest.tsx(1,76): error TS1005: ';' expected.
src/Product-Page-Demo-main/Dashboards/components/admin/upgradeRequest.tsx(3,19): error TS1128: Declaration or statement expected.
src/Product-Page-Demo-main/Dashboards/components/admin/upgradeRequest.tsx(4,17): error TS1109: Expression expected.
src/Product-Page-Demo-main/Dashboards/components/admin/upgradeRequest.tsx(5,15): error TS1109: Expression expected.
src/Product-Page-Demo-main/Dashboards/components/admin/upgradeRequest.tsx(8,20): error TS1005: ';' expected.
src/Product-Page-Demo-main/Dashboards/components/admin/upgradeRequest.tsx(9,17): error TS2657: JSX expressions must have one parent element.
src/Product-Page-Demo-main/Dashboards/components/admin/upgradeRequest.tsx(17,15): error TS1128: Declaration or statement expected.
src/Product-Page-Demo-main/Dashboards/components/admin/upgradeRequest.tsx(81,13): error TS1128: Declaration or statement expected.
src/Product-Page-Demo-main/Dashboards/components/admin/upgradeRequest.tsx(82,11): error TS1109: Expression expected.
src/Product-Page-Demo-main/Dashboards/components/admin/upgradeRequest.tsx(82,12): error TS1128: Declaration or statement expected.
src/Product-Page-Demo-main/profileDemo/workflow/pages/articleView.tsx(3,10): error TS1005: ';' expected.
src/Product-Page-Demo-main/profileDemo/workflow/pages/articleView.tsx(4,12): error TS1005: ';' expected.
src/Product-Page-Demo-main/profileDemo/workflow/pages/articleView.tsx(5,4): error TS1128: Declaration or statement expected.
src/Product-Page-Demo-main/profileDemo/workflow/pages/articleView.tsx(8,10): error TS1005: ';' expected.
src/Product-Page-Demo-main/profileDemo/workflow/pages/articleView.tsx(9,12): error TS1005: ';' expected.
src/Product-Page-Demo-main/profileDemo/workflow/pages/articleView.tsx(10,4): error TS1128: Declaration or statement expected.
src/Product-Page-Demo-main/profileDemo/workflow/pages/articleView.tsx(13,10): error TS1005: ';' expected.
src/Product-Page-Demo-main/profileDemo/workflow/pages/articleView.tsx(14,12): error TS1005: ';' expected.
src/Product-Page-Demo-main/profileDemo/workflow/pages/articleView.tsx(16,1): error TS1128: Declaration or statement expected.
